exports[`JS process should process object 1`] = `
Object {
  "do": Object {
    "some": Object {
      "color": "#fff",
      "num": "12px",
      "string": "aaa",
    },
  },
}
`;
